
> dev
> vite dev --host 127.0.0.1 --port 5173


  [32m[1mVITE[22m v7.3.2[39m  [2mready in [0m[1m3356[22m[2m[0m ms[22m

  [32m➜[39m  [1mLocal[22m:   [36mhttp://127.0.0.1:[1m5173[22m/[39m
[2m[32m  ➜[39m[22m[2m  press [22m[1mh + enter[22m[2m to show help[22m
[2m18:28:40[22m [36m[1m[vite][22m[39m [90m[2m(client)[22m[39m [32mhmr update [39m[2m/src/styles.css?direct, /src/routes/index.tsx?tsr-split=component, /src/routes/login.tsx?tsr-split=component, /src/routes/_admin.tsx?tsr-split=component, /src/components/admin/Sidebar.tsx, /src/routes/_admin/users.tsx?tsr-split=component, /src/routes/_admin/bids.tsx?tsr-split=component, /src/routes/_admin/dashboard.tsx?tsr-split=component, /src/routes/_admin/tenders.index.tsx?tsr-split=component, /src/routes/_admin/tenders.$tenderId.tsx?tsr-split=component, /src/routes/_admin/analytics.historical.tsx?tsr-split=component, /src/routes/_admin/analytics.customers.tsx?tsr-split=component, /src/routes/_admin/dictionaries.tsx?tsr-split=component[22m
[2m18:28:52[22m [36m[1m[vite][22m[39m [90m[2m(client)[22m[39m [32mhmr update [39m[2m/src/styles.css?direct, /src/routes/_admin/tenders.$tenderId.tsx, /src/routes/_admin/tenders.$tenderId.tsx?tsr-split=component[22m
[2m18:28:52[22m [36m[1m[vite][22m[39m [34m[2m(ssr)[22m[39m [32mpage reload [39m[2msrc/routes/_admin/tenders.$tenderId.tsx[22m
[2m18:29:15[22m [36m[1m[vite][22m[39m [90m[2m(client)[22m[39m [32mhmr update [39m[2m/src/styles.css?direct, /src/routes/_admin/tenders.$tenderId.tsx, /src/routes/_admin/tenders.$tenderId.tsx?tsr-split=component[22m
[2m18:29:15[22m [36m[1m[vite][22m[39m [34m[2m(ssr)[22m[39m [32mpage reload [39m[2msrc/routes/_admin/tenders.$tenderId.tsx[22m
[2m18:29:28[22m [36m[1m[vite][22m[39m [90m[2m(client)[22m[39m [32mhmr update [39m[2m/src/styles.css?direct, /src/routes/_admin/tenders.$tenderId.tsx, /src/routes/_admin/tenders.$tenderId.tsx?tsr-split=component[22m
[2m18:29:28[22m [36m[1m[vite][22m[39m [34m[2m(ssr)[22m[39m [32mpage reload [39m[2msrc/routes/_admin/tenders.$tenderId.tsx[22m
[2m18:29:46[22m [36m[1m[vite][22m[39m [90m[2m(client)[22m[39m [32mhmr update [39m[2m/src/styles.css?direct, /src/routes/_admin/tenders.$tenderId.tsx, /src/routes/_admin/tenders.$tenderId.tsx?tsr-split=component[22m
[2m18:29:46[22m [36m[1m[vite][22m[39m [34m[2m(ssr)[22m[39m [32mpage reload [39m[2msrc/routes/_admin/tenders.$tenderId.tsx[22m
[2m18:29:56[22m [36m[1m[vite][22m[39m [90m[2m(client)[22m[39m [32mhmr update [39m[2m/src/styles.css?direct, /src/routes/_admin/tenders.index.tsx, /src/routes/_admin/tenders.index.tsx?tsr-split=component[22m
[2m18:29:56[22m [36m[1m[vite][22m[39m [34m[2m(ssr)[22m[39m [32mpage reload [39m[2msrc/routes/_admin/tenders.index.tsx[22m
[2m18:30:07[22m [36m[1m[vite][22m[39m [90m[2m(client)[22m[39m [32mhmr update [39m[2m/src/styles.css?direct, /src/routes/_admin/tenders.index.tsx, /src/routes/_admin/tenders.index.tsx?tsr-split=component[22m
[2m18:30:07[22m [36m[1m[vite][22m[39m [34m[2m(ssr)[22m[39m [32mpage reload [39m[2msrc/routes/_admin/tenders.index.tsx[22m
[2m18:44:29[22m [36m[1m[vite][22m[39m [90m[2m(client)[22m[39m [32mhmr update [39m[2m/src/styles.css?direct, /src/routes/_admin/tenders.$tenderId.tsx, /src/routes/_admin/tenders.$tenderId.tsx?tsr-split=component[22m
[2m18:44:29[22m [36m[1m[vite][22m[39m [34m[2m(ssr)[22m[39m [32mpage reload [39m[2msrc/routes/_admin/tenders.$tenderId.tsx[22m
[2m19:00:57[22m [36m[1m[vite][22m[39m [90m[2m(client)[22m[39m [32mhmr update [39m[2m/src/styles.css?direct, /src/routes/_admin/tenders.index.tsx, /src/routes/_admin/tenders.index.tsx?tsr-split=component[22m
[2m19:00:57[22m [36m[1m[vite][22m[39m [34m[2m(ssr)[22m[39m [32mpage reload [39m[2msrc/routes/_admin/tenders.index.tsx[22m
[2m19:01:23[22m [36m[1m[vite][22m[39m [90m[2m(client)[22m[39m [32mhmr update [39m[2m/src/styles.css?direct, /src/routes/_admin/tenders.index.tsx, /src/routes/_admin/tenders.index.tsx?tsr-split=component[22m
[2m19:01:23[22m [36m[1m[vite][22m[39m [34m[2m(ssr)[22m[39m [32mpage reload [39m[2msrc/routes/_admin/tenders.index.tsx[22m
[2m19:01:33[22m [36m[1m[vite][22m[39m [90m[2m(client)[22m[39m [32mhmr update [39m[2m/src/styles.css?direct, /src/routes/_admin/tenders.index.tsx, /src/routes/_admin/tenders.index.tsx?tsr-split=component[22m
[2m19:01:33[22m [36m[1m[vite][22m[39m [34m[2m(ssr)[22m[39m [32mpage reload [39m[2msrc/routes/_admin/tenders.index.tsx[22m
[2m19:01:55[22m [36m[1m[vite][22m[39m [90m[2m(client)[22m[39m [32mhmr update [39m[2m/src/styles.css?direct, /src/routes/index.tsx?tsr-split=component, /src/routes/login.tsx?tsr-split=component, /src/routes/_admin.tsx?tsr-split=component, /src/components/admin/Sidebar.tsx, /src/routes/_admin/users.tsx?tsr-split=component, /src/routes/_admin/bids.tsx?tsr-split=component, /src/routes/_admin/dashboard.tsx?tsr-split=component, /src/routes/_admin/tenders.index.tsx?tsr-split=component, /src/routes/_admin/tenders.$tenderId.tsx?tsr-split=component, /src/routes/_admin/analytics.historical.tsx?tsr-split=component, /src/routes/_admin/analytics.customers.tsx?tsr-split=component, /src/routes/_admin/dictionaries.tsx?tsr-split=component, /src/routes/_admin/tenders.$tenderId.tsx[22m
[2m19:01:55[22m [36m[1m[vite][22m[39m [34m[2m(ssr)[22m[39m [32mpage reload [39m[2msrc/lib/tenders-api.ts[22m
[2m19:02:09[22m [36m[1m[vite][22m[39m [90m[2m(client)[22m[39m [32mhmr update [39m[2m/src/styles.css?direct, /src/routes/_admin/tenders.$tenderId.tsx, /src/routes/_admin/tenders.$tenderId.tsx?tsr-split=component[22m
[2m19:02:09[22m [36m[1m[vite][22m[39m [34m[2m(ssr)[22m[39m [32mpage reload [39m[2msrc/routes/_admin/tenders.$tenderId.tsx[22m
[2m19:02:22[22m [36m[1m[vite][22m[39m [90m[2m(client)[22m[39m [32mhmr update [39m[2m/src/styles.css?direct, /src/routes/_admin/tenders.$tenderId.tsx, /src/routes/_admin/tenders.$tenderId.tsx?tsr-split=component[22m
[2m19:02:22[22m [36m[1m[vite][22m[39m [34m[2m(ssr)[22m[39m [32mpage reload [39m[2msrc/routes/_admin/tenders.$tenderId.tsx[22m
[2m19:02:32[22m [36m[1m[vite][22m[39m [90m[2m(client)[22m[39m [32mhmr update [39m[2m/src/styles.css?direct, /src/routes/_admin/tenders.$tenderId.tsx, /src/routes/_admin/tenders.$tenderId.tsx?tsr-split=component[22m
[2m19:02:32[22m [36m[1m[vite][22m[39m [34m[2m(ssr)[22m[39m [32mpage reload [39m[2msrc/routes/_admin/tenders.$tenderId.tsx[22m
[2m19:17:08[22m [36m[1m[vite][22m[39m [90m[2m(client)[22m[39m [32mhmr update [39m[2m/src/styles.css?direct, /src/routes/index.tsx?tsr-split=component, /src/routes/login.tsx?tsr-split=component, /src/routes/_admin.tsx?tsr-split=component, /src/components/admin/Sidebar.tsx, /src/routes/_admin/users.tsx?tsr-split=component, /src/routes/_admin/bids.tsx?tsr-split=component, /src/routes/_admin/dashboard.tsx?tsr-split=component, /src/routes/_admin/tenders.index.tsx?tsr-split=component, /src/routes/_admin/tenders.$tenderId.tsx?tsr-split=component, /src/routes/_admin/analytics.historical.tsx?tsr-split=component, /src/routes/_admin/analytics.customers.tsx?tsr-split=component, /src/routes/_admin/dictionaries.tsx?tsr-split=component, /src/routes/_admin/tenders.$tenderId.tsx[22m
[2m19:17:08[22m [36m[1m[vite][22m[39m [34m[2m(ssr)[22m[39m [32mpage reload [39m[2msrc/lib/tenders-api.ts[22m
[2m19:17:21[22m [36m[1m[vite][22m[39m [90m[2m(client)[22m[39m [32mhmr update [39m[2m/src/styles.css?direct, /src/routes/_admin/tenders.$tenderId.tsx, /src/routes/_admin/tenders.$tenderId.tsx?tsr-split=component[22m
[2m19:17:21[22m [36m[1m[vite][22m[39m [34m[2m(ssr)[22m[39m [32mpage reload [39m[2msrc/routes/_admin/tenders.$tenderId.tsx[22m
[2m20:56:12[22m [36m[1m[vite][22m[39m [90m[2m(client)[22m[39m [32mhmr update [39m[2m/src/styles.css?direct, /src/routes/_admin/tenders.$tenderId.tsx, /src/routes/_admin/tenders.$tenderId.tsx?tsr-split=component[22m
[2m20:56:12[22m [36m[1m[vite][22m[39m [34m[2m(ssr)[22m[39m [32mpage reload [39m[2msrc/routes/_admin/tenders.$tenderId.tsx[22m
